#include <stdio.h>
#include <string.h>

int main() {
    int tab = 1;
    printf("%d\n", tab);
    return 0;
}