#include <stdio.h>
#include <string.h>

int main() {
    char nome[256] = "fulano";
    printf("%s\n", nome);
    return 0;
}
