#include <stdio.h>
#include <string.h>

int main() {
    char letra;
    letra = 65;
    printf("%c\n", letra);
    return 0;
}
