#include <stdio.h>
#include <string.h>

int main() {
    if (5 != 2) {
        printf("os valores são diferentes");
    } else {
        printf("os valores são iguais");
    }
    return 0;
}