#include <stdio.h>
#include <string.h>

int main() {
    int parar;
    parar = 1;

    while (parar == 1) {
        printf("deseja parar o laÃ§o? (0/1)");
        scanf(" %d", &parar);
    }
    return 0;
}