#include <stdio.h>
#include <string.h>

int main() {
    int x = 2;
    printf("Iteração: %d\n", x);
    return 0;
}