#include <stdio.h>
#include <string.h>

int fat(int n) {
    if (n == 0) {
        return 1;
    } else {
        return n * fat(n - 1);
    }
}

int main() {
    printf("%d\n", fat(5));
    return 0;
}
