#include <stdio.h>
#include <string.h>

void calcula() {
    int numero = 1;
    printf("%d\n", numero + 1);
}

int main(){
    calcula();
    return 0;
}