#include <stdio.h>
#include <string.h>

void ola() {
    printf("Oi!\n");
}

int main() {
    ola();
    return 0;
}
