#include <stdio.h>

int main() {
    int idade;
    idade = 20;
    printf("%d\n", idade);
    return 0;
}
