#include <stdio.h>

int main() {
    bool verdadeiro;
    verdadeiro = 1;
    printf("%d\n", verdadeiro);
    return 0;
}
