#include <stdio.h>

int main() {
    int numeroNegativo = -1;
    printf("%d\n", numeroNegativo);
    return 0;
}