#include <stdio.h>
#include <string.h>

int main() {
    int x;
    x = 14;
    printf("%d\n", x);
    return 0;
}
