#include <stdio.h>

int main() {
    float numero;
    numero = 3.14;
    printf("%f\n", numero);
    return 0;
}
