#include <stdio.h>

int main() {
    bool v[2];
    v[0] = 1;
    v[1] = 0;
    printf("%d\n", v[0]);
    printf("%d\n", v[1]);
    return 0;
}
