#include <stdio.h>

int main() {
    int a[3];
    int b[3];
    a[0] = 10;
    a[1] = 20;
    b[0] = a[0] + 5;
    b[1] = a[1] * 2;
    printf("%d\n", b[0]);
    printf("%d\n", b[1]);
    return 0;
}
