#include <stdio.h>
#include <string.h>

int main() {
    float v[3];
    v[0] = 3.14;
    v[1] = 2.71;
    printf("%f\n", v[0]);
    printf("%f\n", v[1]);
    return 0;
}
