#include <stdio.h>
#include <string.h>

int main() {
    int v[2];
    v[0] = 42;
    printf("%d\n", v[0]);
    return 0;
}
