#include <stdio.h>
#include <string.h>

int main() {
    int v[2];
    scanf("%d", &v[0]);
    scanf("%d", &v[1]);
    printf("%d\n", v[0]);
    printf("%d\n", v[1]);
    return 0;
}
